[
  {
    "product": "シャンプー500ml",
    "price_incl_tax": 398,
    "price_excl_tax": null,
    "unit": "1本",
    "category": "日用品",
    "confidence": 0.93
  },
  {
    "product": "ティッシュペーパー",
    "price_incl_tax": 168,
    "price_excl_tax": null,
    "unit": "5箱セット",
    "category": "日用品",
    "confidence": 0.91
  },
  {
    "product": "洗剤1L",
    "price_incl_tax": 248,
    "price_excl_tax": null,
    "unit": "1本",
    "category": "日用品",
    "confidence": 0.89
  }
]