{
  "text_annotations": [
    {
      "description": "きゅうり3本\n198円\n税込\nサントリー天然水 2L\n98円\n税抜90円\nバナナ1房\n158円\n特売\n",
      "bounding_poly": {
        "vertices": [
          {"x": 0, "y": 0},
          {"x": 800, "y": 0},
          {"x": 800, "y": 600},
          {"x": 0, "y": 600}
        ]
      }
    },
    {
      "description": "きゅうり3本",
      "bounding_poly": {
        "vertices": [
          {"x": 50, "y": 100},
          {"x": 200, "y": 100},
          {"x": 200, "y": 130},
          {"x": 50, "y": 130}
        ]
      }
    },
    {
      "description": "198円",
      "bounding_poly": {
        "vertices": [
          {"x": 50, "y": 140},
          {"x": 120, "y": 140},
          {"x": 120, "y": 170},
          {"x": 50, "y": 170}
        ]
      }
    },
    {
      "description": "税込",
      "bounding_poly": {
        "vertices": [
          {"x": 130, "y": 140},
          {"x": 170, "y": 140},
          {"x": 170, "y": 170},
          {"x": 130, "y": 170}
        ]
      }
    },
    {
      "description": "サントリー天然水 2L",
      "bounding_poly": {
        "vertices": [
          {"x": 300, "y": 100},
          {"x": 500, "y": 100},
          {"x": 500, "y": 130},
          {"x": 300, "y": 130}
        ]
      }
    },
    {
      "description": "98円",
      "bounding_poly": {
        "vertices": [
          {"x": 300, "y": 140},
          {"x": 350, "y": 140},
          {"x": 350, "y": 170},
          {"x": 300, "y": 170}
        ]
      }
    },
    {
      "description": "税抜90円",
      "bounding_poly": {
        "vertices": [
          {"x": 360, "y": 140},
          {"x": 450, "y": 140},
          {"x": 450, "y": 170},
          {"x": 360, "y": 170}
        ]
      }
    },
    {
      "description": "バナナ1房",
      "bounding_poly": {
        "vertices": [
          {"x": 50, "y": 300},
          {"x": 180, "y": 300},
          {"x": 180, "y": 330},
          {"x": 50, "y": 330}
        ]
      }
    },
    {
      "description": "158円",
      "bounding_poly": {
        "vertices": [
          {"x": 50, "y": 340},
          {"x": 120, "y": 340},
          {"x": 120, "y": 370},
          {"x": 50, "y": 370}
        ]
      }
    },
    {
      "description": "特売",
      "bounding_poly": {
        "vertices": [
          {"x": 130, "y": 340},
          {"x": 170, "y": 340},
          {"x": 170, "y": 370},
          {"x": 130, "y": 370}
        ]
      }
    }
  ],
  "full_text_annotation": {
    "text": "きゅうり3本\n198円\n税込\nサントリー天然水 2L\n98円\n税抜90円\nバナナ1房\n158円\n特売\n"
  }
}