{
  "text_annotations": [
    {
      "description": "シャンプー500ml\n398円\n税込\nティッシュペーパー\n168円\n5箱セット\n洗剤1L\n248円\n",
      "bounding_poly": {
        "vertices": [
          {"x": 0, "y": 0},
          {"x": 800, "y": 0},
          {"x": 800, "y": 600},
          {"x": 0, "y": 600}
        ]
      }
    },
    {
      "description": "シャンプー500ml",
      "bounding_poly": {
        "vertices": [
          {"x": 50, "y": 50},
          {"x": 220, "y": 50},
          {"x": 220, "y": 80},
          {"x": 50, "y": 80}
        ]
      }
    },
    {
      "description": "398円",
      "bounding_poly": {
        "vertices": [
          {"x": 50, "y": 90},
          {"x": 120, "y": 90},
          {"x": 120, "y": 120},
          {"x": 50, "y": 120}
        ]
      }
    },
    {
      "description": "税込",
      "bounding_poly": {
        "vertices": [
          {"x": 130, "y": 90},
          {"x": 170, "y": 90},
          {"x": 170, "y": 120},
          {"x": 130, "y": 120}
        ]
      }
    },
    {
      "description": "ティッシュペーパー",
      "bounding_poly": {
        "vertices": [
          {"x": 300, "y": 50},
          {"x": 500, "y": 50},
          {"x": 500, "y": 80},
          {"x": 300, "y": 80}
        ]
      }
    },
    {
      "description": "168円",
      "bounding_poly": {
        "vertices": [
          {"x": 300, "y": 90},
          {"x": 370, "y": 90},
          {"x": 370, "y": 120},
          {"x": 300, "y": 120}
        ]
      }
    },
    {
      "description": "5箱セット",
      "bounding_poly": {
        "vertices": [
          {"x": 380, "y": 90},
          {"x": 460, "y": 90},
          {"x": 460, "y": 120},
          {"x": 380, "y": 120}
        ]
      }
    },
    {
      "description": "洗剤1L",
      "bounding_poly": {
        "vertices": [
          {"x": 50, "y": 200},
          {"x": 150, "y": 200},
          {"x": 150, "y": 230},
          {"x": 50, "y": 230}
        ]
      }
    },
    {
      "description": "248円",
      "bounding_poly": {
        "vertices": [
          {"x": 50, "y": 240},
          {"x": 120, "y": 240},
          {"x": 120, "y": 270},
          {"x": 50, "y": 270}
        ]
      }
    }
  ],
  "full_text_annotation": {
    "text": "シャンプー500ml\n398円\n税込\nティッシュペーパー\n168円\n5箱セット\n洗剤1L\n248円\n"
  }
}